
> api-rest@1.0.0 test
> jest --runInBand

node.exe : FAIL test/createArticle.test.js
Au caractère Ligne:1 : 1
+ & "C:\Program Files\nodejs/node.exe" "C:\Program Files\nodejs/node_mo ...
+ ~~~~~~~~~~~~~~~~~~~~~~~~~~~~~~~~~~~~~~~~~~~~~~~~~~~~~~~~~~~~~~~~~~~~~
    + CategoryInfo          : NotSpecified: (FAIL test/createArticle.test.js:String) [], RemoteException
    + FullyQualifiedErrorId : NativeCommandError
 
  ÔùÅ Articles API - Create & Read ÔÇ║ POST /api/v1/articles (validation) ÔÇ║ 400 si title manquant

    expect(received).toBe(expected) // Object.is equality

    Expected: 400
    Received: 401

    [0m [90m 13 |[39m     test([32m'400 si title manquant'[39m[33m,[39m [36masync[39m () [33m=>[39m {
     [90m 14 |[39m       [36mconst[39m res [33m=[39m [36mawait[39m 
request(app)[33m.[39mpost([32m'/api/v1/articles'[39m)[33m.[39msend({})[33m;[39m
    [31m[1m>[22m[39m[90m 15 |[39m       expect(res[33m.[39mstatus)[33m.[39mtoBe([35m400[39m)[33m;[39m
     [90m    |[39m                          [31m[1m^[22m[39m
     [90m 16 |[39m       expect(res[33m.[39mbody)[33m.[39mtoHaveProperty([32m'error'[39m)[33m;[39m
     [90m 17 |[39m       expect(res[33m.[39mbody[33m.[39merror)[33m.[39mtoMatch([35m/title is required/i[39m)[33m;[39m
     [90m 18 |[39m     })[33m;[39m[0m

      at Object.toBe (test/createArticle.test.js:15:26)

  ÔùÅ Articles API - Create & Read ÔÇ║ POST /api/v1/articles (validation) ÔÇ║ 400 si title vide

    expect(received).toBe(expected) // Object.is equality

    Expected: 400
    Received: 401

    [0m [90m 20 |[39m     test([32m'400 si title vide'[39m[33m,[39m [36masync[39m () [33m=>[39m {
     [90m 21 |[39m       [36mconst[39m res [33m=[39m [36mawait[39m 
request(app)[33m.[39mpost([32m'/api/v1/articles'[39m)[33m.[39msend({ title[33m:[39m [32m''[39m })[33m;[39m
    [31m[1m>[22m[39m[90m 22 |[39m       expect(res[33m.[39mstatus)[33m.[39mtoBe([35m400[39m)[33m;[39m
     [90m    |[39m                          [31m[1m^[22m[39m
     [90m 23 |[39m     })[33m;[39m
     [90m 24 |[39m
     [90m 25 |[39m     test([32m'400 si content non-string'[39m[33m,[39m [36masync[39m () [33m=>[39m {[0m

      at Object.toBe (test/createArticle.test.js:22:26)

  ÔùÅ Articles API - Create & Read ÔÇ║ POST /api/v1/articles (validation) ÔÇ║ 400 si content non-string

    expect(received).toBe(expected) // Object.is equality

    Expected: 400
    Received: 401

    [0m [90m 25 |[39m     test([32m'400 si content non-string'[39m[33m,[39m [36masync[39m () [33m=>[39m {
     [90m 26 |[39m       [36mconst[39m res [33m=[39m [36mawait[39m 
request(app)[33m.[39mpost([32m'/api/v1/articles'[39m)[33m.[39msend({ title[33m:[39m [32m'T'[39m[33m,[39m content[33m:[39m 
[35m123[39m })[33m;[39m
    [31m[1m>[22m[39m[90m 27 |[39m       expect(res[33m.[39mstatus)[33m.[39mtoBe([35m400[39m)[33m;[39m
     [90m    |[39m                          [31m[1m^[22m[39m
     [90m 28 |[39m       expect(res[33m.[39mbody[33m.[39merror)[33m.[39mtoMatch([35m/content must be a string/i[39m)[33m;[39m
     [90m 29 |[39m     })[33m;[39m
     [90m 30 |[39m   })[33m;[39m[0m

      at Object.toBe (test/createArticle.test.js:27:26)

  ÔùÅ Articles API - Create & Read ÔÇ║ Create & Read ÔÇ║ 201 et renvoie l'article cr├®├®

    expect(received).toBe(expected) // Object.is equality

    Expected: 201
    Received: 401

    [0m [90m 34 |[39m       [36mconst[39m payload [33m=[39m { title[33m:[39m [32m'Mon titre'[39m[33m,[39m content[33m:[39m 
[32m'Texte'[39m }[33m;[39m
     [90m 35 |[39m       [36mconst[39m res [33m=[39m [36mawait[39m 
request(app)[33m.[39mpost([32m'/api/v1/articles'[39m)[33m.[39msend(payload)[33m;[39m
    [31m[1m>[22m[39m[90m 36 |[39m       expect(res[33m.[39mstatus)[33m.[39mtoBe([35m201[39m)[33m;[39m
     [90m    |[39m                          [31m[1m^[22m[39m
     [90m 37 |[39m       expect(res[33m.[39mbody)[33m.[39mtoHaveProperty([32m'article'[39m)[33m;[39m
     [90m 38 |[39m       expect(res[33m.[39mbody[33m.[39marticle)[33m.[39mtoMatchObject({ title[33m:[39m [32m'Mon 
titre'[39m[33m,[39m content[33m:[39m [32m'Texte'[39m })[33m;[39m
     [90m 39 |[39m       expect(res[33m.[39mbody[33m.[39marticle[33m.[39mid)[33m.[39mtoBeDefined()[33m;[39m[0m

      at Object.toBe (test/createArticle.test.js:36:26)

  ÔùÅ Articles API - Create & Read ÔÇ║ Create & Read ÔÇ║ GET renvoie la liste contenant l'article cr├®├®

    expect(received).toBe(expected) // Object.is equality

    Expected: 1
    Received: 0

    [0m [90m 46 |[39m       expect(res[33m.[39mstatus)[33m.[39mtoBe([35m200[39m)[33m;[39m
     [90m 47 |[39m       
expect([33mArray[39m[33m.[39misArray(res[33m.[39mbody[33m.[39marticles))[33m.[39mtoBe([36mtrue[39m)[33m;[39m
    [31m[1m>[22m[39m[90m 48 |[39m       
expect(res[33m.[39mbody[33m.[39marticles[33m.[39mlength)[33m.[39mtoBe([35m1[39m)[33m;[39m
     [90m    |[39m                                        [31m[1m^[22m[39m
     [90m 49 |[39m       expect(res[33m.[39mbody[33m.[39marticles[[35m0[39m][33m.[39mtitle)[33m.[39mtoBe([32m'T'[39m)[33m;[39m
     [90m 50 |[39m     })[33m;[39m
     [90m 51 |[39m   })[33m;[39m[0m

      at Object.toBe (test/createArticle.test.js:48:40)

PASS test/articles.test.js (8.871 s)
PASS test/getArticles.test.js

Test Suites: 1 failed, 2 passed, 3 total
Tests:       5 failed, 38 passed, 43 total
Snapshots:   0 total
Time:        10.346 s, estimated 11 s
Ran all test suites.
